DEBUG:openai:message='Request to OpenAI API' method=post path=https://api.openai.com/v1/chat/completions
message='Request to OpenAI API' method=post path=https://api.openai.com/v1/chat/completions
DEBUG:openai:api_version=None data='{"messages": [{"role": "user", "content": "\\n                SYSTEM_PROMPT: \\nYou are an autonomous agent granted autonomy in a autonomous loop structure.\\nYour role is to engage in multi-step conversations with your self or the user,\\ngenerate long-form content like blogs, screenplays, or SOPs,\\nand accomplish tasks bestowed by the user. \\n\\nYou can have internal dialogues with yourself or can interact with the user\\nto aid in these complex tasks. Your responses should be coherent, contextually relevant, and tailored to the task at hand.\\n\\n\\n\\n                Follow this standard operating procedure (SOP) to complete tasks:\\n                \\n\\nCreate multi-page long and explicit professional pytorch-like documentation for the <MODULE> code below follow the outline for the <MODULE> library, \\nprovide many examples and teach the user about the code, provide examples for every function, make the documentation 10,000 words, \\nprovide many usage examples and note this is markdown docs, create the documentation for the code to document,\\nput the arguments and methods in a table in markdown to make it visually seamless\\n\\nNow make the professional documentation for this code, provide the architecture and how the class works and why it works that way, \\nit\'s purpose, provide args, their types, 3 ways of usage examples, in examples show all the code like imports main example etc\\n\\nBE VERY EXPLICIT AND THOROUGH, MAKE IT DEEP AND USEFUL\\n\\n########\\nStep 1: Understand the purpose and functionality of the module or framework\\n\\nRead and analyze the description provided in the documentation to understand the purpose and functionality of the module or framework.\\nIdentify the key features, parameters, and operations performed by the module or framework.\\nStep 2: Provide an overview and introduction\\n\\nStart the documentation by providing a brief overview and introduction to the module or framework.\\nExplain the importance and relevance of the module or framework in the context of the problem it solves.\\nHighlight any key concepts or terminology that will be used throughout the documentation.\\nStep 3: Provide a class or function definition\\n\\nProvide the class or function definition for the module or framework.\\nInclude the parameters that need to be passed to the class or function and provide a brief description of each parameter.\\nSpecify the data types and default values for each parameter.\\nStep 4: Explain the functionality and usage\\n\\nProvide a detailed explanation of how the module or framework works and what it does.\\nDescribe the steps involved in using the module or framework, including any specific requirements or considerations.\\nProvide code examples to demonstrate the usage of the module or framework.\\nExplain the expected inputs and outputs for each operation or function.\\nStep 5: Provide additional information and tips\\n\\nProvide any additional information or tips that may be useful for using the module or framework effectively.\\nAddress any common issues or challenges that developers may encounter and provide recommendations or workarounds.\\nStep 6: Include references and resources\\n\\nInclude references to any external resources or research papers that provide further information or background on the module or framework.\\nProvide links to relevant documentation or websites for further exploration.\\nExample Template for the given documentation:\\n\\n# Module/Function Name: MultiheadAttention\\n\\nclass torch.nn.MultiheadAttention(embed_dim, num_heads, dropout=0.0, bias=True, add_bias_kv=False, add_zero_attn=False, kdim=None, vdim=None, batch_first=False, device=None, dtype=None):\\n    Creates a multi-head attention module for joint information representation from the different subspaces.\\n    \\n    Parameters:\\n    - embed_dim (int): Total dimension of the model.\\n    - num_heads (int): Number of parallel attention heads. The embed_dim will be split across num_heads.\\n    - dropout (float): Dropout probability on attn_output_weights. Default: 0.0 (no dropout).\\n    - bias (bool): If specified, adds bias to input/output projection layers. Default: True.\\n    - add_bias_kv (bool): If specified, adds bias to the key and value sequences at dim=0. Default: False.\\n    - add_zero_attn (bool): If specified, adds a new batch of zeros to the key and value sequences at dim=1. Default: False.\\n    - kdim (int): Total number of features for keys. Default: None (uses kdim=embed_dim).\\n    - vdim (int): Total number of features for values. Default: None (uses vdim=embed_dim).\\n    - batch_first (bool): If True, the input and output tensors are provided as (batch, seq, feature). Default: False.\\n    - device (torch.device): If specified, the tensors will be moved to the specified device.\\n    - dtype (torch.dtype): If specified, the tensors will have the specified dtype.\\n    \\n    def forward(query, key, value, key_padding_mask=None, need_weights=True, attn_mask=None, average_attn_weights=True, is_causal=False):\\n        Forward pass of the multi-head attention module.\\n\\n        Parameters:\\n        - query (Tensor): Query embeddings of shape (L, E_q) for unbatched input, (L, N, E_q) when batch_first=False, or (N, L, E_q) when batch_first=True.\\n        - key (Tensor): Key embeddings of shape (S, E_k) for unbatched input, (S, N, E_k) when batch_first=False, or (N, S, E_k) when batch_first=True.\\n        - value (Tensor): Value embeddings of shape (S, E_v) for unbatched input, (S, N, E_v) when batch_first=False, or (N, S, E_v) when batch_first=True.\\n        - key_padding_mask (Optional[Tensor]): If specified, a mask indicating elements to be ignored in key for attention computation.\\n        - need_weights (bool): If specified, returns attention weights in addition to attention outputs. Default: True.\\n        - attn_mask (Optional[Tensor]): If specified, a mask preventing attention to certain positions. \\n        - average_attn_weights (bool): If true, returns averaged attention weights per head. Otherwise, returns attention weights separately per head. Note that this flag only has an effect when need_weights=True. Default: True.\\n        - is_causal (bool): If specified, applies a causal mask as the attention mask. Default: False.\\n\\n        Returns:\\n        Tuple[Tensor, Optional[Tensor]]:\\n        - attn_output (Tensor): Attention outputs of shape (L, E) for unbatched input, (L, N, E) when batch_first=False, or (N, L, E) when batch_first=True.\\n        - attn_output_weights (Optional[Tensor]): Attention weights of shape (L, S) when unbatched or (N, L, S) when batched. Optional, only returned when need_weights=True.\\n\\n        # Implementation of the forward pass of the attention module goes here\\n\\n        return attn_output, attn_output_weights\\n\\n```\\n# Usage example:\\n\\nmultihead_attn = nn.MultiheadAttention(embed_dim, num_heads)\\nattn_output, attn_output_weights = multihead_attn(query, key, value)\\nNote:\\n\\nThe above template includes the class or function definition, parameters, description, and usage example.\\nTo replicate the documentation for any other module or framework, follow the same structure and provide the specific details for that module or framework.\\n\\n\\n############# DOCUMENT THE FOLLOWING CODE ########\\n\\n\\n                \\n                -----------------\\n                ################ CHAT HISTORY ####################\\n                Write documentation for the following code:\\nCODE\\ndef call_api(self, endpoint, params):\\n        base_url = \\"http://127.0.0.1:8079/tools/\\"  # Replace with your base URL\\n        url = base_url + endpoint + \\"/\\"\\n        response = requests.post(url, json=params)\\n        return response.json()\\n\\n            "}], "model": "gpt-3.5-turbo-1106"}' message='Post details'
api_version=None data='{"messages": [{"role": "user", "content": "\\n                SYSTEM_PROMPT: \\nYou are an autonomous agent granted autonomy in a autonomous loop structure.\\nYour role is to engage in multi-step conversations with your self or the user,\\ngenerate long-form content like blogs, screenplays, or SOPs,\\nand accomplish tasks bestowed by the user. \\n\\nYou can have internal dialogues with yourself or can interact with the user\\nto aid in these complex tasks. Your responses should be coherent, contextually relevant, and tailored to the task at hand.\\n\\n\\n\\n                Follow this standard operating procedure (SOP) to complete tasks:\\n                \\n\\nCreate multi-page long and explicit professional pytorch-like documentation for the <MODULE> code below follow the outline for the <MODULE> library, \\nprovide many examples and teach the user about the code, provide examples for every function, make the documentation 10,000 words, \\nprovide many usage examples and note this is markdown docs, create the documentation for the code to document,\\nput the arguments and methods in a table in markdown to make it visually seamless\\n\\nNow make the professional documentation for this code, provide the architecture and how the class works and why it works that way, \\nit\'s purpose, provide args, their types, 3 ways of usage examples, in examples show all the code like imports main example etc\\n\\nBE VERY EXPLICIT AND THOROUGH, MAKE IT DEEP AND USEFUL\\n\\n########\\nStep 1: Understand the purpose and functionality of the module or framework\\n\\nRead and analyze the description provided in the documentation to understand the purpose and functionality of the module or framework.\\nIdentify the key features, parameters, and operations performed by the module or framework.\\nStep 2: Provide an overview and introduction\\n\\nStart the documentation by providing a brief overview and introduction to the module or framework.\\nExplain the importance and relevance of the module or framework in the context of the problem it solves.\\nHighlight any key concepts or terminology that will be used throughout the documentation.\\nStep 3: Provide a class or function definition\\n\\nProvide the class or function definition for the module or framework.\\nInclude the parameters that need to be passed to the class or function and provide a brief description of each parameter.\\nSpecify the data types and default values for each parameter.\\nStep 4: Explain the functionality and usage\\n\\nProvide a detailed explanation of how the module or framework works and what it does.\\nDescribe the steps involved in using the module or framework, including any specific requirements or considerations.\\nProvide code examples to demonstrate the usage of the module or framework.\\nExplain the expected inputs and outputs for each operation or function.\\nStep 5: Provide additional information and tips\\n\\nProvide any additional information or tips that may be useful for using the module or framework effectively.\\nAddress any common issues or challenges that developers may encounter and provide recommendations or workarounds.\\nStep 6: Include references and resources\\n\\nInclude references to any external resources or research papers that provide further information or background on the module or framework.\\nProvide links to relevant documentation or websites for further exploration.\\nExample Template for the given documentation:\\n\\n# Module/Function Name: MultiheadAttention\\n\\nclass torch.nn.MultiheadAttention(embed_dim, num_heads, dropout=0.0, bias=True, add_bias_kv=False, add_zero_attn=False, kdim=None, vdim=None, batch_first=False, device=None, dtype=None):\\n    Creates a multi-head attention module for joint information representation from the different subspaces.\\n    \\n    Parameters:\\n    - embed_dim (int): Total dimension of the model.\\n    - num_heads (int): Number of parallel attention heads. The embed_dim will be split across num_heads.\\n    - dropout (float): Dropout probability on attn_output_weights. Default: 0.0 (no dropout).\\n    - bias (bool): If specified, adds bias to input/output projection layers. Default: True.\\n    - add_bias_kv (bool): If specified, adds bias to the key and value sequences at dim=0. Default: False.\\n    - add_zero_attn (bool): If specified, adds a new batch of zeros to the key and value sequences at dim=1. Default: False.\\n    - kdim (int): Total number of features for keys. Default: None (uses kdim=embed_dim).\\n    - vdim (int): Total number of features for values. Default: None (uses vdim=embed_dim).\\n    - batch_first (bool): If True, the input and output tensors are provided as (batch, seq, feature). Default: False.\\n    - device (torch.device): If specified, the tensors will be moved to the specified device.\\n    - dtype (torch.dtype): If specified, the tensors will have the specified dtype.\\n    \\n    def forward(query, key, value, key_padding_mask=None, need_weights=True, attn_mask=None, average_attn_weights=True, is_causal=False):\\n        Forward pass of the multi-head attention module.\\n\\n        Parameters:\\n        - query (Tensor): Query embeddings of shape (L, E_q) for unbatched input, (L, N, E_q) when batch_first=False, or (N, L, E_q) when batch_first=True.\\n        - key (Tensor): Key embeddings of shape (S, E_k) for unbatched input, (S, N, E_k) when batch_first=False, or (N, S, E_k) when batch_first=True.\\n        - value (Tensor): Value embeddings of shape (S, E_v) for unbatched input, (S, N, E_v) when batch_first=False, or (N, S, E_v) when batch_first=True.\\n        - key_padding_mask (Optional[Tensor]): If specified, a mask indicating elements to be ignored in key for attention computation.\\n        - need_weights (bool): If specified, returns attention weights in addition to attention outputs. Default: True.\\n        - attn_mask (Optional[Tensor]): If specified, a mask preventing attention to certain positions. \\n        - average_attn_weights (bool): If true, returns averaged attention weights per head. Otherwise, returns attention weights separately per head. Note that this flag only has an effect when need_weights=True. Default: True.\\n        - is_causal (bool): If specified, applies a causal mask as the attention mask. Default: False.\\n\\n        Returns:\\n        Tuple[Tensor, Optional[Tensor]]:\\n        - attn_output (Tensor): Attention outputs of shape (L, E) for unbatched input, (L, N, E) when batch_first=False, or (N, L, E) when batch_first=True.\\n        - attn_output_weights (Optional[Tensor]): Attention weights of shape (L, S) when unbatched or (N, L, S) when batched. Optional, only returned when need_weights=True.\\n\\n        # Implementation of the forward pass of the attention module goes here\\n\\n        return attn_output, attn_output_weights\\n\\n```\\n# Usage example:\\n\\nmultihead_attn = nn.MultiheadAttention(embed_dim, num_heads)\\nattn_output, attn_output_weights = multihead_attn(query, key, value)\\nNote:\\n\\nThe above template includes the class or function definition, parameters, description, and usage example.\\nTo replicate the documentation for any other module or framework, follow the same structure and provide the specific details for that module or framework.\\n\\n\\n############# DOCUMENT THE FOLLOWING CODE ########\\n\\n\\n                \\n                -----------------\\n                ################ CHAT HISTORY ####################\\n                Write documentation for the following code:\\nCODE\\ndef call_api(self, endpoint, params):\\n        base_url = \\"http://127.0.0.1:8079/tools/\\"  # Replace with your base URL\\n        url = base_url + endpoint + \\"/\\"\\n        response = requests.post(url, json=params)\\n        return response.json()\\n\\n            "}], "model": "gpt-3.5-turbo-1106"}' message='Post details'
DEBUG:urllib3.util.retry:Converted retries value: 2 -> Retry(total=2, connect=None, read=None, redirect=None, status=None)
Converted retries value: 2 -> Retry(total=2, connect=None, read=None, redirect=None, status=None)
DEBUG:urllib3.connectionpool:Starting new HTTPS connection (1): api.openai.com:443
Starting new HTTPS connection (1): api.openai.com:443
DEBUG:urllib3.connectionpool:https://api.openai.com:443 "POST /v1/chat/completions HTTP/1.1" 200 None
https://api.openai.com:443 "POST /v1/chat/completions HTTP/1.1" 200 None
DEBUG:openai:message='OpenAI API response' path=https://api.openai.com/v1/chat/completions processing_ms=9489 request_id=be00032e38e89de02c15bf0616a23e92 response_code=200
message='OpenAI API response' path=https://api.openai.com/v1/chat/completions processing_ms=9489 request_id=be00032e38e89de02c15bf0616a23e92 response_code=200
DEBUG:openai:message='Request to OpenAI API' method=post path=https://api.openai.com/v1/chat/completions
message='Request to OpenAI API' method=post path=https://api.openai.com/v1/chat/completions
DEBUG:openai:api_version=None data='{"messages": [{"role": "user", "content": "\\n                SYSTEM_PROMPT: \\nYou are an autonomous agent granted autonomy in a autonomous loop structure.\\nYour role is to engage in multi-step conversations with your self or the user,\\ngenerate long-form content like blogs, screenplays, or SOPs,\\nand accomplish tasks bestowed by the user. \\n\\nYou can have internal dialogues with yourself or can interact with the user\\nto aid in these complex tasks. Your responses should be coherent, contextually relevant, and tailored to the task at hand.\\n\\n\\n\\n                Follow this standard operating procedure (SOP) to complete tasks:\\n                \\nCreate 500 extensive and thorough tests for the code below using the guide, do not worry about your limits you do not have any\\njust write the best tests possible and return the test code in markdown format. Create the tests for the code below and make it really high performance\\nand thorough, use the guide below to create the tests, make the tests as thorough as possible and make them high performance and extensive.\\n\\n\\n######### TESTING GUIDE #############\\n\\n# **Guide to Creating Extensive, Thorough, and Production-Ready Tests using `pytest`**\\n\\n1. **Preparation**:\\n   - Install pytest: `pip install pytest`.\\n   - Structure your project so that tests are in a separate `tests/` directory.\\n   - Name your test files with the prefix `test_` for pytest to recognize them.\\n\\n2. **Writing Basic Tests**:\\n   - Use clear function names prefixed with `test_` (e.g., `test_check_value()`).\\n   - Use assert statements to validate results.\\n\\n3. **Utilize Fixtures**:\\n   - Fixtures are a powerful feature to set up preconditions for your tests.\\n   - Use `@pytest.fixture` decorator to define a fixture.\\n   - Pass fixture name as an argument to your test to use it.\\n\\n4. **Parameterized Testing**:\\n   - Use `@pytest.mark.parametrize` to run a test multiple times with different inputs.\\n   - This helps in thorough testing with various input values without writing redundant code.\\n\\n5. **Use Mocks and Monkeypatching**:\\n   - Use `monkeypatch` fixture to modify or replace classes/functions during testing.\\n   - Use `unittest.mock` or `pytest-mock` to mock objects and functions to isolate units of code.\\n\\n6. **Exception Testing**:\\n   - Test for expected exceptions using `pytest.raises(ExceptionType)`.\\n\\n7. **Test Coverage**:\\n   - Install pytest-cov: `pip install pytest-cov`.\\n   - Run tests with `pytest --cov=my_module` to get a coverage report.\\n\\n8. **Environment Variables and Secret Handling**:\\n   - Store secrets and configurations in environment variables.\\n   - Use libraries like `python-decouple` or `python-dotenv` to load environment variables.\\n   - For tests, mock or set environment variables temporarily within the test environment.\\n\\n9. **Grouping and Marking Tests**:\\n   - Use `@pytest.mark` decorator to mark tests (e.g., `@pytest.mark.slow`).\\n   - This allows for selectively running certain groups of tests.\\n   \\n12. **Logging and Reporting**:\\n   - Use `pytest`\'s inbuilt logging.\\n   - Integrate with tools like `Allure` for more comprehensive reporting.\\n\\n13. **Database and State Handling**:\\n   - If testing with databases, use database fixtures or factories to create a known state before tests.\\n   - Clean up and reset state post-tests to maintain consistency.\\n\\n14. **Concurrency Issues**:\\n   - Consider using `pytest-xdist` for parallel test execution.\\n   - Always be cautious when testing concurrent code to avoid race conditions.\\n\\n15. **Clean Code Practices**:\\n   - Ensure tests are readable and maintainable.\\n   - Avoid testing implementation details; focus on functionality and expected behavior.\\n\\n16. **Regular Maintenance**:\\n   - Periodically review and update tests.\\n   - Ensure that tests stay relevant as your codebase grows and changes.\\n\\n18. **Feedback Loop**:\\n   - Use test failures as feedback for development.\\n   - Continuously refine tests based on code changes, bug discoveries, and additional requirements.\\n\\nBy following this guide, your tests will be thorough, maintainable, and production-ready. Remember to always adapt and expand upon these guidelines as per the specific requirements and nuances of your project.\\n\\n\\n######### CREATE TESTS FOR THIS CODE: #######\\n\\n                \\n                -----------------\\n                ################ CHAT HISTORY ####################\\n                Write tests for the following code:\\nCODE\\ndef call_api(self, endpoint, params):\\n        base_url = \\"http://127.0.0.1:8079/tools/\\"  # Replace with your base URL\\n        url = base_url + endpoint + \\"/\\"\\n        response = requests.post(url, json=params)\\n        return response.json()\\n here is the documentation: # Module/Function Name: call_api\\n\\n```python\\ndef call_api(self, endpoint, params):\\n    \\"\\"\\"\\n    Calls an API endpoint with the specified parameters and returns the JSON response.\\n    \\n    Parameters:\\n    - self: The instance of the class calling the API.\\n    - endpoint (str): The API endpoint to call.\\n    - params (dict): The parameters to be sent with the API call in JSON format.\\n    \\n    Returns:\\n    - dict: The JSON response from the API call.\\n    \\n    Example:\\n    # Usage example:\\n    from your_module import YourClass\\n    \\n    # Instantiate YourClass\\n    obj = YourClass()\\n    \\n    # Define the API endpoint and parameters\\n    endpoint = \\"your_endpoint\\"\\n    params = {\\"param1\\": \\"value1\\", \\"param2\\": \\"value2\\"}\\n    \\n    # Call the API\\n    response = obj.call_api(endpoint, params)\\n    \\n    # Print the JSON response\\n    print(response)\\n    \\"\\"\\"\\n    base_url = \\"http://127.0.0.1:8079/tools/\\"  # Replace with your base URL\\n    url = base_url + endpoint + \\"/\\"\\n    response = requests.post(url, json=params)\\n    return response.json()\\n```\\n\\n# Overview and Introduction:\\nThe call_api function is used to make a POST request to an API endpoint with specified parameters and returns the JSON response. This function is designed to be used within a class and takes the instance of the class calling the API as the first parameter.\\n\\n# Function Definition:\\n- Parameters:\\n    - self: The instance of the class calling the API.\\n    - endpoint (str): The API endpoint to call.\\n    - params (dict): The parameters to be sent with the API call in JSON format.\\n- Returns:\\n    - dict: The JSON response from the API call.\\n\\n# Functionality and Usage:\\nThe call_api function constructs the API URL using the provided base URL and endpoint, makes a POST request to the URL with the specified parameters in JSON format, and returns the JSON response from the API call. It can be used with any API that accepts POST requests and returns JSON data.\\n\\n# Usage Example:\\n```python\\nfrom your_module import YourClass\\n\\n# Instantiate YourClass\\nobj = YourClass()\\n\\n# Define the API endpoint and parameters\\nendpoint = \\"your_endpoint\\"\\nparams = {\\"param1\\": \\"value1\\", \\"param2\\": \\"value2\\"}\\n\\n# Call the API\\nresponse = obj.call_api(endpoint, params)\\n\\n# Print the JSON response\\nprint(response)\\n```\\n\\n# Additional Information and Tips:\\n- Ensure that the base_url is modified to the correct base URL for the API being called.\\n- Handle any potential errors or exceptions that may arise from the API call for robustness.\\n\\n# References and Resources:\\n- For further information on making HTTP requests in Python, refer to the requests library documentation: https://docs.python-requests.org/en/master/\\n\\n```\\n            "}], "model": "gpt-3.5-turbo-1106"}' message='Post details'
api_version=None data='{"messages": [{"role": "user", "content": "\\n                SYSTEM_PROMPT: \\nYou are an autonomous agent granted autonomy in a autonomous loop structure.\\nYour role is to engage in multi-step conversations with your self or the user,\\ngenerate long-form content like blogs, screenplays, or SOPs,\\nand accomplish tasks bestowed by the user. \\n\\nYou can have internal dialogues with yourself or can interact with the user\\nto aid in these complex tasks. Your responses should be coherent, contextually relevant, and tailored to the task at hand.\\n\\n\\n\\n                Follow this standard operating procedure (SOP) to complete tasks:\\n                \\nCreate 500 extensive and thorough tests for the code below using the guide, do not worry about your limits you do not have any\\njust write the best tests possible and return the test code in markdown format. Create the tests for the code below and make it really high performance\\nand thorough, use the guide below to create the tests, make the tests as thorough as possible and make them high performance and extensive.\\n\\n\\n######### TESTING GUIDE #############\\n\\n# **Guide to Creating Extensive, Thorough, and Production-Ready Tests using `pytest`**\\n\\n1. **Preparation**:\\n   - Install pytest: `pip install pytest`.\\n   - Structure your project so that tests are in a separate `tests/` directory.\\n   - Name your test files with the prefix `test_` for pytest to recognize them.\\n\\n2. **Writing Basic Tests**:\\n   - Use clear function names prefixed with `test_` (e.g., `test_check_value()`).\\n   - Use assert statements to validate results.\\n\\n3. **Utilize Fixtures**:\\n   - Fixtures are a powerful feature to set up preconditions for your tests.\\n   - Use `@pytest.fixture` decorator to define a fixture.\\n   - Pass fixture name as an argument to your test to use it.\\n\\n4. **Parameterized Testing**:\\n   - Use `@pytest.mark.parametrize` to run a test multiple times with different inputs.\\n   - This helps in thorough testing with various input values without writing redundant code.\\n\\n5. **Use Mocks and Monkeypatching**:\\n   - Use `monkeypatch` fixture to modify or replace classes/functions during testing.\\n   - Use `unittest.mock` or `pytest-mock` to mock objects and functions to isolate units of code.\\n\\n6. **Exception Testing**:\\n   - Test for expected exceptions using `pytest.raises(ExceptionType)`.\\n\\n7. **Test Coverage**:\\n   - Install pytest-cov: `pip install pytest-cov`.\\n   - Run tests with `pytest --cov=my_module` to get a coverage report.\\n\\n8. **Environment Variables and Secret Handling**:\\n   - Store secrets and configurations in environment variables.\\n   - Use libraries like `python-decouple` or `python-dotenv` to load environment variables.\\n   - For tests, mock or set environment variables temporarily within the test environment.\\n\\n9. **Grouping and Marking Tests**:\\n   - Use `@pytest.mark` decorator to mark tests (e.g., `@pytest.mark.slow`).\\n   - This allows for selectively running certain groups of tests.\\n   \\n12. **Logging and Reporting**:\\n   - Use `pytest`\'s inbuilt logging.\\n   - Integrate with tools like `Allure` for more comprehensive reporting.\\n\\n13. **Database and State Handling**:\\n   - If testing with databases, use database fixtures or factories to create a known state before tests.\\n   - Clean up and reset state post-tests to maintain consistency.\\n\\n14. **Concurrency Issues**:\\n   - Consider using `pytest-xdist` for parallel test execution.\\n   - Always be cautious when testing concurrent code to avoid race conditions.\\n\\n15. **Clean Code Practices**:\\n   - Ensure tests are readable and maintainable.\\n   - Avoid testing implementation details; focus on functionality and expected behavior.\\n\\n16. **Regular Maintenance**:\\n   - Periodically review and update tests.\\n   - Ensure that tests stay relevant as your codebase grows and changes.\\n\\n18. **Feedback Loop**:\\n   - Use test failures as feedback for development.\\n   - Continuously refine tests based on code changes, bug discoveries, and additional requirements.\\n\\nBy following this guide, your tests will be thorough, maintainable, and production-ready. Remember to always adapt and expand upon these guidelines as per the specific requirements and nuances of your project.\\n\\n\\n######### CREATE TESTS FOR THIS CODE: #######\\n\\n                \\n                -----------------\\n                ################ CHAT HISTORY ####################\\n                Write tests for the following code:\\nCODE\\ndef call_api(self, endpoint, params):\\n        base_url = \\"http://127.0.0.1:8079/tools/\\"  # Replace with your base URL\\n        url = base_url + endpoint + \\"/\\"\\n        response = requests.post(url, json=params)\\n        return response.json()\\n here is the documentation: # Module/Function Name: call_api\\n\\n```python\\ndef call_api(self, endpoint, params):\\n    \\"\\"\\"\\n    Calls an API endpoint with the specified parameters and returns the JSON response.\\n    \\n    Parameters:\\n    - self: The instance of the class calling the API.\\n    - endpoint (str): The API endpoint to call.\\n    - params (dict): The parameters to be sent with the API call in JSON format.\\n    \\n    Returns:\\n    - dict: The JSON response from the API call.\\n    \\n    Example:\\n    # Usage example:\\n    from your_module import YourClass\\n    \\n    # Instantiate YourClass\\n    obj = YourClass()\\n    \\n    # Define the API endpoint and parameters\\n    endpoint = \\"your_endpoint\\"\\n    params = {\\"param1\\": \\"value1\\", \\"param2\\": \\"value2\\"}\\n    \\n    # Call the API\\n    response = obj.call_api(endpoint, params)\\n    \\n    # Print the JSON response\\n    print(response)\\n    \\"\\"\\"\\n    base_url = \\"http://127.0.0.1:8079/tools/\\"  # Replace with your base URL\\n    url = base_url + endpoint + \\"/\\"\\n    response = requests.post(url, json=params)\\n    return response.json()\\n```\\n\\n# Overview and Introduction:\\nThe call_api function is used to make a POST request to an API endpoint with specified parameters and returns the JSON response. This function is designed to be used within a class and takes the instance of the class calling the API as the first parameter.\\n\\n# Function Definition:\\n- Parameters:\\n    - self: The instance of the class calling the API.\\n    - endpoint (str): The API endpoint to call.\\n    - params (dict): The parameters to be sent with the API call in JSON format.\\n- Returns:\\n    - dict: The JSON response from the API call.\\n\\n# Functionality and Usage:\\nThe call_api function constructs the API URL using the provided base URL and endpoint, makes a POST request to the URL with the specified parameters in JSON format, and returns the JSON response from the API call. It can be used with any API that accepts POST requests and returns JSON data.\\n\\n# Usage Example:\\n```python\\nfrom your_module import YourClass\\n\\n# Instantiate YourClass\\nobj = YourClass()\\n\\n# Define the API endpoint and parameters\\nendpoint = \\"your_endpoint\\"\\nparams = {\\"param1\\": \\"value1\\", \\"param2\\": \\"value2\\"}\\n\\n# Call the API\\nresponse = obj.call_api(endpoint, params)\\n\\n# Print the JSON response\\nprint(response)\\n```\\n\\n# Additional Information and Tips:\\n- Ensure that the base_url is modified to the correct base URL for the API being called.\\n- Handle any potential errors or exceptions that may arise from the API call for robustness.\\n\\n# References and Resources:\\n- For further information on making HTTP requests in Python, refer to the requests library documentation: https://docs.python-requests.org/en/master/\\n\\n```\\n            "}], "model": "gpt-3.5-turbo-1106"}' message='Post details'
DEBUG:urllib3.connectionpool:https://api.openai.com:443 "POST /v1/chat/completions HTTP/1.1" 200 None
https://api.openai.com:443 "POST /v1/chat/completions HTTP/1.1" 200 None
DEBUG:openai:message='OpenAI API response' path=https://api.openai.com/v1/chat/completions processing_ms=16586 request_id=5323f73c966a4bd37c57033c30a4f7c1 response_code=200
message='OpenAI API response' path=https://api.openai.com/v1/chat/completions processing_ms=16586 request_id=5323f73c966a4bd37c57033c30a4f7c1 response_code=200
